Compiling the CXX compiler identification source file "CMakeCXXCompilerId.cpp" failed.
Compiler: /usr/bin/c++ 
Build flags: "-DNOMINMAX=1"
Id flags:  

The output was:
1
/usr/bin/ld: cannot find "-DNOMINMAX=1": No such file or directory
collect2: error: ld returned 1 exit status


Compiling the CXX compiler identification source file "CMakeCXXCompilerId.cpp" failed.
Compiler: /usr/bin/c++ 
Build flags: "-DNOMINMAX=1"
Id flags: -c 

The output was:
1
c++: warning: "-DNOMINMAX=1": linker input file unused because linking not done
c++: error: "-DNOMINMAX=1": linker input file not found: No such file or directory


Compiling the CXX compiler identification source file "CMakeCXXCompilerId.cpp" failed.
Compiler: /usr/bin/c++ 
Build flags: "-DNOMINMAX=1"
Id flags: --c++ 

The output was:
1
c++: error: unrecognized command-line option ‘--c++’


Compiling the CXX compiler identification source file "CMakeCXXCompilerId.cpp" failed.
Compiler: /usr/bin/c++ 
Build flags: "-DNOMINMAX=1"
Id flags: --ec++ 

The output was:
1
c++: error: unrecognized command-line option ‘--ec++’; did you mean ‘-Weffc++’?


Compiling the CXX compiler identification source file "CMakeCXXCompilerId.cpp" failed.
Compiler: /usr/bin/c++ 
Build flags: "-DNOMINMAX=1"
Id flags: --target=arm-arm-none-eabi;-mcpu=cortex-m3 

The output was:
1
c++: warning: ‘-mcpu=’ is deprecated; use ‘-mtune=’ or ‘-march=’ instead
c++: error: unrecognized command-line option ‘--target=arm-arm-none-eabi’


Compiling the CXX compiler identification source file "CMakeCXXCompilerId.cpp" failed.
Compiler: /usr/bin/c++ 
Build flags: "-DNOMINMAX=1"
Id flags: -c;-I__does_not_exist__ 

The output was:
1
c++: warning: "-DNOMINMAX=1": linker input file unused because linking not done
c++: error: "-DNOMINMAX=1": linker input file not found: No such file or directory


